
> graveyard@0.1.0 build
> next build

  Γû▓ Next.js 14.2.35

   Creating an optimized production build ...
 Γ£ô Compiled successfully
   Linting and checking validity of types ...
node.exe : 
At line:1 char:1
+ & "C:\Program Files\nodejs/node.exe" 
"C:\Users\Niharika\AppData\Roami ...
+ ~~~~~~~~~~~~~~~~~~~~~~~~~~~~~~~~~~~~~~~~~~~~~~~~~~~~~~~~~
~~~~~~~~~~~~
    + CategoryInfo          : NotSpecified: (:String) [],  
   RemoteException
    + FullyQualifiedErrorId : NativeCommandError
 
Failed to compile.

./app/api/search/route.ts
32:56  Error: Unexpected any. Specify a different type.  
@typescript-eslint/no-explicit-any
54:24  Error: Unexpected any. Specify a different type.  
@typescript-eslint/no-explicit-any

./app/page.tsx
51:19  Error: Unexpected any. Specify a different type.  
@typescript-eslint/no-explicit-any
78:49  Error: `'` can be escaped with `&apos;`, `&lsquo;`, 
`&#39;`, `&rsquo;`.  react/no-unescaped-entities
158:67  Error: `"` can be escaped with `&quot;`, 
`&ldquo;`, `&#34;`, `&rdquo;`.  react/no-unescaped-entities
158:83  Error: `"` can be escaped with `&quot;`, 
`&ldquo;`, `&#34;`, `&rdquo;`.  react/no-unescaped-entities

info  - Need to disable some ESLint rules? Learn more 
here: https://nextjs.org/docs/basic-features/eslint#disabli
ng-rules
